{
  "version": "1.5.0",
  "plugins_used": [
    {
      "name": "ArtifactoryDetector"
    },
    {
      "name": "AWSKeyDetector"
    },
    {
      "name": "AzureStorageKeyDetector"
    },
    {
      "name": "Base64HighEntropyString",
      "limit": 4.5
    },
    {
      "name": "BasicAuthDetector"
    },
    {
      "name": "CloudantDetector"
    },
    {
      "name": "DiscordBotTokenDetector"
    },
    {
      "name": "GitHubTokenDetector"
    },
    {
      "name": "GitLabTokenDetector"
    },
    {
      "name": "HexHighEntropyString",
      "limit": 3.0
    },
    {
      "name": "IbmCloudIamDetector"
    },
    {
      "name": "IbmCosHmacDetector"
    },
    {
      "name": "IPPublicDetector"
    },
    {
      "name": "JwtTokenDetector"
    },
    {
      "name": "KeywordDetector",
      "keyword_exclude": ""
    },
    {
      "name": "MailchimpDetector"
    },
    {
      "name": "NpmDetector"
    },
    {
      "name": "OpenAIDetector"
    },
    {
      "name": "PrivateKeyDetector"
    },
    {
      "name": "PypiTokenDetector"
    },
    {
      "name": "SendGridDetector"
    },
    {
      "name": "SlackDetector"
    },
    {
      "name": "SoftlayerDetector"
    },
    {
      "name": "SquareOAuthDetector"
    },
    {
      "name": "StripeDetector"
    },
    {
      "name": "TelegramBotTokenDetector"
    },
    {
      "name": "TwilioKeyDetector"
    }
  ],
  "filters_used": [
    {
      "path": "detect_secrets.filters.allowlist.is_line_allowlisted"
    },
    {
      "path": "detect_secrets.filters.common.is_baseline_file",
      "filename": ".secrets.baseline"
    },
    {
      "path": "detect_secrets.filters.common.is_ignored_due_to_verification_policies",
      "min_level": 2
    },
    {
      "path": "detect_secrets.filters.heuristic.is_indirect_reference"
    },
    {
      "path": "detect_secrets.filters.heuristic.is_likely_id_string"
    },
    {
      "path": "detect_secrets.filters.heuristic.is_lock_file"
    },
    {
      "path": "detect_secrets.filters.heuristic.is_not_alphanumeric_string"
    },
    {
      "path": "detect_secrets.filters.heuristic.is_potential_uuid"
    },
    {
      "path": "detect_secrets.filters.heuristic.is_prefixed_with_dollar_sign"
    },
    {
      "path": "detect_secrets.filters.heuristic.is_sequential_string"
    },
    {
      "path": "detect_secrets.filters.heuristic.is_swagger_file"
    },
    {
      "path": "detect_secrets.filters.heuristic.is_templated_secret"
    }
  ],
  "results": {
    ".github\\workflows\\cloudflare-deploy.yml": [
      {
        "type": "Secret Keyword",
        "filename": ".github\\workflows\\cloudflare-deploy.yml",
        "hashed_secret": "100ec4462dec34f6824f7e65f377076ce5d51ced",
        "is_verified": false,
        "line_number": 217,
        "is_secret": false
      }
    ],
    "DEPENDENCY_PROVENANCE.json": [
      {
        "type": "Hex High Entropy String",
        "filename": "DEPENDENCY_PROVENANCE.json",
        "hashed_secret": "4e413b02245c16851dbb20df7523c066780aee10",
        "is_verified": false,
        "line_number": 20,
        "is_secret": false
      },
      {
        "type": "Hex High Entropy String",
        "filename": "DEPENDENCY_PROVENANCE.json",
        "hashed_secret": "caa1a3143eda9d71d3c9d631c50bcf814fdc097c",
        "is_verified": false,
        "line_number": 28,
        "is_secret": false
      },
      {
        "type": "Hex High Entropy String",
        "filename": "DEPENDENCY_PROVENANCE.json",
        "hashed_secret": "472df95b873233304c20899c7f79358d5b1889b4",
        "is_verified": false,
        "line_number": 36,
        "is_secret": false
      },
      {
        "type": "Hex High Entropy String",
        "filename": "DEPENDENCY_PROVENANCE.json",
        "hashed_secret": "0ff5d7482c99ea88c96879b7175426679b1ab6b7",
        "is_verified": false,
        "line_number": 44,
        "is_secret": false
      },
      {
        "type": "Hex High Entropy String",
        "filename": "DEPENDENCY_PROVENANCE.json",
        "hashed_secret": "f87da59cb249d5f32a0d4f101c860adf047e6a6c",
        "is_verified": false,
        "line_number": 52,
        "is_secret": false
      },
      {
        "type": "Hex High Entropy String",
        "filename": "DEPENDENCY_PROVENANCE.json",
        "hashed_secret": "345b5a383890349d5dbef061b6427dd9fa2207c6",
        "is_verified": false,
        "line_number": 60,
        "is_secret": false
      },
      {
        "type": "Hex High Entropy String",
        "filename": "DEPENDENCY_PROVENANCE.json",
        "hashed_secret": "892d5d74e4df788ceef80e4af67c509f2f6ef03f",
        "is_verified": false,
        "line_number": 68,
        "is_secret": false
      },
      {
        "type": "Hex High Entropy String",
        "filename": "DEPENDENCY_PROVENANCE.json",
        "hashed_secret": "4446b8a637daf9f2f1df8702b9df012b4f8c3884",
        "is_verified": false,
        "line_number": 82,
        "is_secret": false
      },
      {
        "type": "Hex High Entropy String",
        "filename": "DEPENDENCY_PROVENANCE.json",
        "hashed_secret": "dfb1b2bd20240d90cff2b3a5d07c24e1e1db7045",
        "is_verified": false,
        "line_number": 90,
        "is_secret": false
      },
      {
        "type": "Hex High Entropy String",
        "filename": "DEPENDENCY_PROVENANCE.json",
        "hashed_secret": "66bf153651b8a71db77d5e50b8ce2f5477cc4a17",
        "is_verified": false,
        "line_number": 98,
        "is_secret": false
      },
      {
        "type": "Hex High Entropy String",
        "filename": "DEPENDENCY_PROVENANCE.json",
        "hashed_secret": "9d26d62c314a86704d675ea48ec85ad9544215ef",
        "is_verified": false,
        "line_number": 106,
        "is_secret": false
      },
      {
        "type": "Base64 High Entropy String",
        "filename": "DEPENDENCY_PROVENANCE.json",
        "hashed_secret": "9872591e87cb9b9f0e02ddfb2d7dd26ab4f39ce7",
        "is_verified": false,
        "line_number": 118,
        "is_secret": false
      },
      {
        "type": "Hex High Entropy String",
        "filename": "DEPENDENCY_PROVENANCE.json",
        "hashed_secret": "9051f3d7e4f5f131b5f625f0c39be9ddbee5bc97",
        "is_verified": false,
        "line_number": 128,
        "is_secret": false
      },
      {
        "type": "Hex High Entropy String",
        "filename": "DEPENDENCY_PROVENANCE.json",
        "hashed_secret": "2ab07e8afbee0e7b298a7e3b81a345714f678cdc",
        "is_verified": false,
        "line_number": 130,
        "is_secret": false
      },
      {
        "type": "Hex High Entropy String",
        "filename": "DEPENDENCY_PROVENANCE.json",
        "hashed_secret": "83137172359a13926d95c1d6389309c0e5acb458",
        "is_verified": false,
        "line_number": 131,
        "is_secret": false
      },
      {
        "type": "Hex High Entropy String",
        "filename": "DEPENDENCY_PROVENANCE.json",
        "hashed_secret": "948b2cb2303ff10f03ee2cd780b1b34753ce24dd",
        "is_verified": false,
        "line_number": 132,
        "is_secret": false
      },
      {
        "type": "Hex High Entropy String",
        "filename": "DEPENDENCY_PROVENANCE.json",
        "hashed_secret": "8f60c935ea2b70b0d224d73ca447f787584c0b3b",
        "is_verified": false,
        "line_number": 133,
        "is_secret": false
      },
      {
        "type": "Hex High Entropy String",
        "filename": "DEPENDENCY_PROVENANCE.json",
        "hashed_secret": "1dde52e0b64f4f5b80e627676d4bd3b0a89f770c",
        "is_verified": false,
        "line_number": 134,
        "is_secret": false
      },
      {
        "type": "Hex High Entropy String",
        "filename": "DEPENDENCY_PROVENANCE.json",
        "hashed_secret": "4f3ebc07c6373245484b7739f0a9dd1399bc7b4e",
        "is_verified": false,
        "line_number": 135,
        "is_secret": false
      },
      {
        "type": "Hex High Entropy String",
        "filename": "DEPENDENCY_PROVENANCE.json",
        "hashed_secret": "aa2e5a361ffae306dc94e2958bdd37043f68449b",
        "is_verified": false,
        "line_number": 136,
        "is_secret": false
      },
      {
        "type": "Hex High Entropy String",
        "filename": "DEPENDENCY_PROVENANCE.json",
        "hashed_secret": "1293f52af5163dad26d30623a2daa321444570c3",
        "is_verified": false,
        "line_number": 145,
        "is_secret": false
      },
      {
        "type": "Hex High Entropy String",
        "filename": "DEPENDENCY_PROVENANCE.json",
        "hashed_secret": "f4bf635fb8926af4422f654f750579741482f08c",
        "is_verified": false,
        "line_number": 147,
        "is_secret": false
      },
      {
        "type": "Hex High Entropy String",
        "filename": "DEPENDENCY_PROVENANCE.json",
        "hashed_secret": "67537568add95dec8e7a073e3018e7d9c94219f7",
        "is_verified": false,
        "line_number": 148,
        "is_secret": false
      },
      {
        "type": "Hex High Entropy String",
        "filename": "DEPENDENCY_PROVENANCE.json",
        "hashed_secret": "8386355b163b04f589e1b30f51c455f9429f2f65",
        "is_verified": false,
        "line_number": 149,
        "is_secret": false
      },
      {
        "type": "Hex High Entropy String",
        "filename": "DEPENDENCY_PROVENANCE.json",
        "hashed_secret": "f3f283e57537f8e9434b90a46b89c0ed45fc8570",
        "is_verified": false,
        "line_number": 158,
        "is_secret": false
      },
      {
        "type": "Base64 High Entropy String",
        "filename": "DEPENDENCY_PROVENANCE.json",
        "hashed_secret": "0e6f11779d2ea29e2a77be4f46645ebbe622b5c4",
        "is_verified": false,
        "line_number": 159,
        "is_secret": false
      },
      {
        "type": "Hex High Entropy String",
        "filename": "DEPENDENCY_PROVENANCE.json",
        "hashed_secret": "2ded79dc34b39f8514487dab2d926007cd9a7a3d",
        "is_verified": false,
        "line_number": 160,
        "is_secret": false
      },
      {
        "type": "Hex High Entropy String",
        "filename": "DEPENDENCY_PROVENANCE.json",
        "hashed_secret": "fd4d105368051a7608b382ba4630698229def294",
        "is_verified": false,
        "line_number": 161,
        "is_secret": false
      },
      {
        "type": "Hex High Entropy String",
        "filename": "DEPENDENCY_PROVENANCE.json",
        "hashed_secret": "7fb1dcacb8b3de557d096952f16c323c97e4a0c4",
        "is_verified": false,
        "line_number": 163,
        "is_secret": false
      }
    ],
    "README.md": [
      {
        "type": "Secret Keyword",
        "filename": "README.md",
        "hashed_secret": "d2de6816291500366cac153da20b0e5745475763",
        "is_verified": false,
        "line_number": 204,
        "is_secret": false
      }
    ],
    "cloudflare\\workdoe-cloudflare-manifest.json": [
      {
        "type": "Secret Keyword",
        "filename": "cloudflare\\workdoe-cloudflare-manifest.json",
        "hashed_secret": "985808f774075ff770902a14e298e7220d0fb718",
        "is_verified": false,
        "line_number": 6,
        "is_secret": false
      },
      {
        "type": "Secret Keyword",
        "filename": "cloudflare\\workdoe-cloudflare-manifest.json",
        "hashed_secret": "c80b486e378320c68027fef5029ecdf404f16730",
        "is_verified": false,
        "line_number": 60,
        "is_secret": false
      },
      {
        "type": "Hex High Entropy String",
        "filename": "cloudflare\\workdoe-cloudflare-manifest.json",
        "hashed_secret": "a6b57e60b9dee9a3f101218db071f24baf521ef0",
        "is_verified": false,
        "line_number": 68,
        "is_secret": false
      },
      {
        "type": "Hex High Entropy String",
        "filename": "cloudflare\\workdoe-cloudflare-manifest.json",
        "hashed_secret": "5c78d5f95bec0c46d55fa404af1f544a0da48283",
        "is_verified": false,
        "line_number": 69,
        "is_secret": false
      }
    ],
    "docs\\cloudflare-automation-auth.md": [
      {
        "type": "Secret Keyword",
        "filename": "docs\\cloudflare-automation-auth.md",
        "hashed_secret": "10586267f2478453d2180c3db0ad865859622204",
        "is_verified": false,
        "line_number": 189,
        "is_secret": false
      }
    ],
    "package.json": [
      {
        "type": "Secret Keyword",
        "filename": "package.json",
        "hashed_secret": "7bd86ba40a89a92686fcd7cdfce8d7c9990b3a71",
        "is_verified": false,
        "line_number": 13,
        "is_secret": false
      }
    ],
    "scripts\\cloudflare_launch_status.py": [
      {
        "type": "Secret Keyword",
        "filename": "scripts\\cloudflare_launch_status.py",
        "hashed_secret": "75c0533730caf1f78561c0883fb87bc8d98ef04b",
        "is_verified": false,
        "line_number": 136,
        "is_secret": false
      }
    ],
    "scripts\\prepare_cloudflare_release.py": [
      {
        "type": "Hex High Entropy String",
        "filename": "scripts\\prepare_cloudflare_release.py",
        "hashed_secret": "5c78d5f95bec0c46d55fa404af1f544a0da48283",
        "is_verified": false,
        "line_number": 18,
        "is_secret": false
      },
      {
        "type": "Secret Keyword",
        "filename": "scripts\\prepare_cloudflare_release.py",
        "hashed_secret": "985808f774075ff770902a14e298e7220d0fb718",
        "is_verified": false,
        "line_number": 112,
        "is_secret": false
      },
      {
        "type": "Secret Keyword",
        "filename": "scripts\\prepare_cloudflare_release.py",
        "hashed_secret": "c80b486e378320c68027fef5029ecdf404f16730",
        "is_verified": false,
        "line_number": 173,
        "is_secret": false
      }
    ],
    "scripts\\workdoe_launch_doctor.py": [
      {
        "type": "Secret Keyword",
        "filename": "scripts\\workdoe_launch_doctor.py",
        "hashed_secret": "26a1f9349a67e65fadea385b2418dd168487c481",
        "is_verified": false,
        "line_number": 328,
        "is_secret": false
      }
    ],
    "tests\\test_cloudflare_release.py": [
      {
        "type": "Base64 High Entropy String",
        "filename": "tests\\test_cloudflare_release.py",
        "hashed_secret": "deafe7861cbb4b7b4b38e852c8f07bc8d12e80f0",
        "is_verified": false,
        "line_number": 3746,
        "is_secret": false
      },
      {
        "type": "Secret Keyword",
        "filename": "tests\\test_cloudflare_release.py",
        "hashed_secret": "0eec8aedf4a0790384582be3bcfc927787b9cf23",
        "is_verified": false,
        "line_number": 4098,
        "is_secret": false
      },
      {
        "type": "Basic Auth Credentials",
        "filename": "tests\\test_cloudflare_release.py",
        "hashed_secret": "9d4e1e23bd5b727046a9e3b4b7db57bd8d6ee684",
        "is_verified": false,
        "line_number": 7020,
        "is_secret": false
      },
      {
        "type": "Secret Keyword",
        "filename": "tests\\test_cloudflare_release.py",
        "hashed_secret": "dff6d4ff5dc357cf451d1855ab9cbda562645c9f",
        "is_verified": false,
        "line_number": 7430,
        "is_secret": false
      },
      {
        "type": "Secret Keyword",
        "filename": "tests\\test_cloudflare_release.py",
        "hashed_secret": "0e61cfdd28a6a03b24a5daef1f657711d01baec6",
        "is_verified": false,
        "line_number": 7893,
        "is_secret": false
      },
      {
        "type": "Base64 High Entropy String",
        "filename": "tests\\test_cloudflare_release.py",
        "hashed_secret": "b3d7197023a3de9f6d9f2ae47c04a81054f0cd63",
        "is_verified": false,
        "line_number": 9028,
        "is_secret": false
      },
      {
        "type": "Base64 High Entropy String",
        "filename": "tests\\test_cloudflare_release.py",
        "hashed_secret": "e6aa9dc072fcb9dbe42761f25c976143c39d3deb",
        "is_verified": false,
        "line_number": 9085,
        "is_secret": false
      }
    ],
    "tests\\test_email_code_auth.py": [
      {
        "type": "Secret Keyword",
        "filename": "tests\\test_email_code_auth.py",
        "hashed_secret": "cea4d8089fbf02116232f110058ce0cf3f4d9c4c",
        "is_verified": false,
        "line_number": 29,
        "is_secret": false
      }
    ],
    "tests\\test_workdoe.py": [
      {
        "type": "Secret Keyword",
        "filename": "tests\\test_workdoe.py",
        "hashed_secret": "fe1bae27cb7c1fb823f496f286e78f1d2ae87734",
        "is_verified": false,
        "line_number": 62,
        "is_secret": false
      },
      {
        "type": "Secret Keyword",
        "filename": "tests\\test_workdoe.py",
        "hashed_secret": "d4e0e04792fd434b5dc9c4155c178f66edcf4ed3",
        "is_verified": false,
        "line_number": 484,
        "is_secret": false
      },
      {
        "type": "Secret Keyword",
        "filename": "tests\\test_workdoe.py",
        "hashed_secret": "0ad035eba1fbbcc9ef932e0f5bc254c8ae5b908e",
        "is_verified": false,
        "line_number": 652,
        "is_secret": false
      },
      {
        "type": "Secret Keyword",
        "filename": "tests\\test_workdoe.py",
        "hashed_secret": "c79ac163d7bd6d245cd061330e829dd284527df5",
        "is_verified": false,
        "line_number": 3555,
        "is_secret": false
      },
      {
        "type": "Secret Keyword",
        "filename": "tests\\test_workdoe.py",
        "hashed_secret": "de678bb3ab2048ed2ec20852c2863a2087feead8",
        "is_verified": false,
        "line_number": 3626,
        "is_secret": false
      },
      {
        "type": "Secret Keyword",
        "filename": "tests\\test_workdoe.py",
        "hashed_secret": "47e47de18c269966fae0973dd2644151d9300e29",
        "is_verified": false,
        "line_number": 3630,
        "is_secret": false
      },
      {
        "type": "Secret Keyword",
        "filename": "tests\\test_workdoe.py",
        "hashed_secret": "f7e90db22c7a4dfe9d0f88ee4102b3c06f177518",
        "is_verified": false,
        "line_number": 3687,
        "is_secret": false
      },
      {
        "type": "Secret Keyword",
        "filename": "tests\\test_workdoe.py",
        "hashed_secret": "68594550000178210afae137f52a8010f4f0c2af",
        "is_verified": false,
        "line_number": 3688,
        "is_secret": false
      },
      {
        "type": "Base64 High Entropy String",
        "filename": "tests\\test_workdoe.py",
        "hashed_secret": "a974adf8a5b053076038c469e759310fe9e4e1a9",
        "is_verified": false,
        "line_number": 3990,
        "is_secret": false
      },
      {
        "type": "Base64 High Entropy String",
        "filename": "tests\\test_workdoe.py",
        "hashed_secret": "0d230b4db928292f09ed14ba805cea7367bdf479",
        "is_verified": false,
        "line_number": 3991,
        "is_secret": false
      },
      {
        "type": "Hex High Entropy String",
        "filename": "tests\\test_workdoe.py",
        "hashed_secret": "948b2cb2303ff10f03ee2cd780b1b34753ce24dd",
        "is_verified": false,
        "line_number": 4001,
        "is_secret": false
      },
      {
        "type": "Hex High Entropy String",
        "filename": "tests\\test_workdoe.py",
        "hashed_secret": "8f60c935ea2b70b0d224d73ca447f787584c0b3b",
        "is_verified": false,
        "line_number": 4002,
        "is_secret": false
      },
      {
        "type": "Hex High Entropy String",
        "filename": "tests\\test_workdoe.py",
        "hashed_secret": "1dde52e0b64f4f5b80e627676d4bd3b0a89f770c",
        "is_verified": false,
        "line_number": 4003,
        "is_secret": false
      },
      {
        "type": "Hex High Entropy String",
        "filename": "tests\\test_workdoe.py",
        "hashed_secret": "4f3ebc07c6373245484b7739f0a9dd1399bc7b4e",
        "is_verified": false,
        "line_number": 4004,
        "is_secret": false
      },
      {
        "type": "Hex High Entropy String",
        "filename": "tests\\test_workdoe.py",
        "hashed_secret": "aa2e5a361ffae306dc94e2958bdd37043f68449b",
        "is_verified": false,
        "line_number": 4005,
        "is_secret": false
      },
      {
        "type": "Hex High Entropy String",
        "filename": "tests\\test_workdoe.py",
        "hashed_secret": "f4bf635fb8926af4422f654f750579741482f08c",
        "is_verified": false,
        "line_number": 4014,
        "is_secret": false
      },
      {
        "type": "Hex High Entropy String",
        "filename": "tests\\test_workdoe.py",
        "hashed_secret": "67537568add95dec8e7a073e3018e7d9c94219f7",
        "is_verified": false,
        "line_number": 4015,
        "is_secret": false
      },
      {
        "type": "Hex High Entropy String",
        "filename": "tests\\test_workdoe.py",
        "hashed_secret": "8386355b163b04f589e1b30f51c455f9429f2f65",
        "is_verified": false,
        "line_number": 4016,
        "is_secret": false
      },
      {
        "type": "Hex High Entropy String",
        "filename": "tests\\test_workdoe.py",
        "hashed_secret": "cf1061307eff094fedafae86d750d83a57b8815f",
        "is_verified": false,
        "line_number": 4030,
        "is_secret": false
      },
      {
        "type": "Hex High Entropy String",
        "filename": "tests\\test_workdoe.py",
        "hashed_secret": "b5190a34b2a45b567f0dca943f9b096c49b8dac9",
        "is_verified": false,
        "line_number": 4035,
        "is_secret": false
      },
      {
        "type": "Hex High Entropy String",
        "filename": "tests\\test_workdoe.py",
        "hashed_secret": "c796e571f28692ab80d6128d2732276009e5deff",
        "is_verified": false,
        "line_number": 4036,
        "is_secret": false
      },
      {
        "type": "Hex High Entropy String",
        "filename": "tests\\test_workdoe.py",
        "hashed_secret": "8a31b9d4c68d895e62757ee55a7dbd8dcb745904",
        "is_verified": false,
        "line_number": 4037,
        "is_secret": false
      },
      {
        "type": "Hex High Entropy String",
        "filename": "tests\\test_workdoe.py",
        "hashed_secret": "674ebc25ef888e03352012b37916da59d6b586a2",
        "is_verified": false,
        "line_number": 4038,
        "is_secret": false
      },
      {
        "type": "Hex High Entropy String",
        "filename": "tests\\test_workdoe.py",
        "hashed_secret": "4a2c028b6342606572b3c2afc81a098c0a093bdd",
        "is_verified": false,
        "line_number": 4039,
        "is_secret": false
      },
      {
        "type": "Hex High Entropy String",
        "filename": "tests\\test_workdoe.py",
        "hashed_secret": "550185976364660ca0350ea41484c75638cd43d3",
        "is_verified": false,
        "line_number": 4040,
        "is_secret": false
      },
      {
        "type": "Hex High Entropy String",
        "filename": "tests\\test_workdoe.py",
        "hashed_secret": "fd4d105368051a7608b382ba4630698229def294",
        "is_verified": false,
        "line_number": 4041,
        "is_secret": false
      },
      {
        "type": "Hex High Entropy String",
        "filename": "tests\\test_workdoe.py",
        "hashed_secret": "d59a33005428a819fea0c3a218c799ab02d04bef",
        "is_verified": false,
        "line_number": 4042,
        "is_secret": false
      },
      {
        "type": "Hex High Entropy String",
        "filename": "tests\\test_workdoe.py",
        "hashed_secret": "7fb1dcacb8b3de557d096952f16c323c97e4a0c4",
        "is_verified": false,
        "line_number": 4067,
        "is_secret": false
      },
      {
        "type": "Secret Keyword",
        "filename": "tests\\test_workdoe.py",
        "hashed_secret": "55e0395c51504dbbecaf03f9ceac9f0a5c1d4833",
        "is_verified": false,
        "line_number": 5000,
        "is_secret": false
      },
      {
        "type": "Secret Keyword",
        "filename": "tests\\test_workdoe.py",
        "hashed_secret": "d51f846285cbc6d1dd76677a0fd588c8df44e506",
        "is_verified": false,
        "line_number": 5295,
        "is_secret": false
      }
    ],
    "workdoe\\__init__.py": [
      {
        "type": "Secret Keyword",
        "filename": "workdoe\\__init__.py",
        "hashed_secret": "eeac2a39e060b20c650eac263cd9bee1378e9baf",
        "is_verified": false,
        "line_number": 348,
        "is_secret": false
      }
    ]
  },
  "generated_at": "2026-08-24T07:23:13Z"
}
